// Jest Snapshot v1, https://goo.gl/fbAQLP

exports[`Card component tests renders Card component 1`] = `ShallowWrapper {}`;
