// Jest Snapshot v1, https://goo.gl/fbAQLP

exports[`<CardList/> component tests renders CardList component 1`] = `ShallowWrapper {}`;
