// Jest Snapshot v1, https://goo.gl/fbAQLP

exports[`<ErrorBoundary/> component tests displays error message on error generated by child 1`] = `ShallowWrapper {}`;

exports[`<ErrorBoundary/> component tests renders <ErrorBoundary/> component 1`] = `ShallowWrapper {}`;
