// Jest Snapshot v1, https://goo.gl/fbAQLP

exports[`<MainPage/> component tests renders MainPage component without crashing 1`] = `ShallowWrapper {}`;
